var strings = {

  alkusae: [
    "Mieleni minun tekevi, aivoni ajattelevi", 
    "lähteäni laulamahan, saa'ani sanelemahan,", 
    "sukuvirttä suoltamahan, lajivirttä laulamahan.", 
    "Sanat suussani sulavat, puhe'et putoelevat,", 
    "kielelleni kerkiävät, hampahilleni hajoovat."
  ],

  technobabble: [
    "   ",
    "----------------------------------------------------------------------------------------------------",
    "Booting Node 0 Processor 1 APIC 0x1",
    "smpboot cpu 1: start_ip = 9b000",
    "Initializing Alchemy#1",
    "Calibrating delay loop (skipped) already calibrated ",
    "NMI watchdog enabled, takes one hw-pmu counter.",
    "CPU1 is up",
    "ACPI: Waking up from system sleep state S4",
    "i915 0000:00:02.0: restoring config space at offset 0x1 (was 0x900007, writing 0x900407)",
    "ahci 0000:00:1f.2: restoring config space at offset 0x1 (was 0x2b00403, writing 0x2b00407)",
    "PM: early restore of devices complete after 2.471 msecs",
    "i915 0Aug 24 02:18:52 Sauron kernel: imklog 5.8.6, log source = /proc/kmsg started.",
    "Initializing cgroup subsys cpuset",
    "Initializing cgroup subsys cpu",
    "BIOS-provided physical RAM map:",
    " BIOS-e820: 0000000000000000 - 000000000009f400 (usable)",
    " BIOS-e820: 000000000009f400 - 00000000000a0000 (reserved)",
    " BIOS-e820: 00000000000d2000 - 00000000000d4000 (reserved)",
    " BIOS-e820: 00000000000e0000 - 0000000000100000 (reserved)",
    " BIOS-e820: 0000000000100000 - 00000000776b1000 (usable)",
    " BIOS-e820: 00000000776b1000 - 0000000080000000 (reserved)",
    " BIOS-e820: 00000000e0000000 - 00000000f0000000 (reserved)",
    " BIOS-e820: 00000000fec00000 - 00000000fed90000 (reserved)",
    " BIOS-e820: 00000000fee00000 - 00000000fee01000 (reserved)",
    " BIOS-e820: 00000000ff800000 - 0000000100000000 (reserved)",
    "NX (Execute Disable) protection: active",
    "DMI present.",
    "DMI: SAMPO 01965PG/01965PG, BIOS 6YET32WW (1.15 ) 07/23/2010",
    "e820 update range: 0000000000000000 - 0000000000010000 (usable) ==> (reserved)",
    "e820 remove range: 00000000000a0000 - 0000000000100000 (usable)",
    "last_pfn = 0x77c00 max_arch_pfn = 0x1000000",
    "MTRR default type: uncachable",
    "MTRR fixed ranges enabled:",
    "  00000-9FFFF write-back",
    "  A0000-BFFFF uncachable",
    "  C0000-D3FFF write-protect",
    "  D4000-DBFFF uncachable",
    "  DC000-DFFFF write-back",
    "  E0000-FFFFF write-protect",
    "MTRR variable ranges enabled:",
    "  0 base 0FFE00000 mask FFFE00000 write-protect",
    "  1 base 078000000 mask FF8000000 uncachable",
    "  2 base 000000000 mask F80000000 write-back",
    "  3 base 077E00000 mask FFFE00000 uncachable",
    "x86 PAT enabled: cpu 0, old 0x7040600070406, new 0x7010600070106",
    "found SMP MP-table at [c00f7240] f7240",
    "initial memory mapped : 0 - 02000000",
    "Base memory trampoline at [c009b000] 9b000 size 16384",
    "init_memory_mapping: 0000000000000000-0000000037bfe000",
    " 0000000000 - 0000200000 page 4k",
    " 0000200000 - 0037a00000 page 2M",
    " 0037a00000 - 0037bfe000 page 4k",
    "kernel direct mapping tables up to 37bfe000 @ 1ffb000-2000000",
    "RAMDISK: 364ee000 - 3726f000",
    "ACPI: RSDP 000f6ee0 00024 (v04 PTLTD )",
    "ACPI: FACP 77be5000 000F4 (v03  SAMPO TP-6Y    00001150 ALAN 00000001)",
    "ACPI: FACS 77b9efc0 00040",
    "ACPI: HPET 77bfcd86 00038 (v01  SAMPO TP-6Y    00001150 LOHR 0000005A)",
    "ACPI: MCFG 77bfcdbe 0003C (v01  SAMPO TP-6Y    00001150 LOHR 0000005A)",
    "ACPI: APIC 77bfcdfa 00068 (v01  SAMPO TP-6Y    00001150  LTP 00000000)",
    "ACPI: BOOT 77bfce62 00028 (v01  SAMPO TP-6Y    00001150  LTP 00000001)",
    "ACPI: SLIC 77bfce8a 00176 (v01  SAMPO TP-6Y    00001150  LTP 00000000)",
    "ACPI: SSDT 77be4000 00655 (v01  PmRef    CpuPm 00003000 INTL 20050624)",
    "----------------------------------------------------------------------------------------------------",
    "Ready!",
    "----------------------------------------------------------------------------------------------------",
  ]
}


